0.3598355
2.5492369E-5
0.007452588
6.009346
5.0
8.060787
