1.0
2.35256381E10
1.10702782E15
7.008526E13
1.043065E26
3.0
4.1848866E22
0.009345794
9.8449235E8
5.0191746
3.007806E22
1.0092363E28
Infinity
3.48686202E12
9.866991E28
