Infinity
3.96866018E14
Infinity
4.38147691E12
Infinity
Infinity
