0.0026626023
112933.625
0.008264462
0.0
5.815623
0.21721391
1.10672712E8
73.696884
2.4183638
