15350.835
2136333.8
0.0
3293.6946
5.6746728E7
0.0015795724
