1.9287922E7
2517251.8
0.0
0.019063182
3.9108307E13
0.009259259
3.0
1571.064
1.3267516E21
2.11761913E15
